// Jest Snapshot v1, https://goo.gl/fbAQLP

exports[`<Badge /> renders children 1`] = `<span class="badge">STR</span>`;
